// Jest Snapshot v1, https://goo.gl/fbAQLP

exports[`Preview(as Form) snapshot 1`] = `
<div
  style="position: relative; background: rgb(74, 74, 74); width: 1200px; height: 1200px;"
>
  <div
    style="margin: 0px auto; width: 1200px; height: 1200px;"
  >
    <div
      style="position: absolute; bottom: 6%; width: 1200px;"
    >
      <div
        style="display: flex; align-items: center; justify-content: space-evenly; position: relative; z-index: 1; left: calc(50% - 75px); width: 150px; height: 40px; box-sizing: border-box; padding: 12px; border-radius: 6px; background-color: rgba(0, 0, 0, 0.45);"
      >
        <div
          style="display: flex; align-items: center;"
        >
          <button
            class="ant-btn css-dev-only-do-not-override-apn68 ant-btn-text ant-btn-color-default ant-btn-variant-text ant-btn-icon-only"
            type="button"
          >
            <span
              class="ant-btn-icon"
            >
              <span
                aria-label="minus"
                class="anticon anticon-minus"
                role="img"
                style="color: rgb(255, 255, 255);"
              >
                <svg
                  aria-hidden="true"
                  data-icon="minus"
                  fill="currentColor"
                  focusable="false"
                  height="1em"
                  viewBox="64 64 896 896"
                  width="1em"
                >
                  <path
                    d="M872 474H152c-4.4 0-8 3.6-8 8v60c0 4.4 3.6 8 8 8h720c4.4 0 8-3.6 8-8v-60c0-4.4-3.6-8-8-8z"
                  />
                </svg>
              </span>
            </span>
          </button>
          <span
            class="ant-typography css-dev-only-do-not-override-apn68"
            style="color: rgb(255, 255, 255); font-size: 14px; margin: 8px;"
          >
            <strong>
              100
              %
            </strong>
          </span>
          <button
            class="ant-btn css-dev-only-do-not-override-apn68 ant-btn-text ant-btn-color-default ant-btn-variant-text ant-btn-icon-only"
            type="button"
          >
            <span
              class="ant-btn-icon"
            >
              <span
                aria-label="plus"
                class="anticon anticon-plus"
                role="img"
                style="color: rgb(255, 255, 255);"
              >
                <svg
                  aria-hidden="true"
                  data-icon="plus"
                  fill="currentColor"
                  focusable="false"
                  height="1em"
                  viewBox="64 64 896 896"
                  width="1em"
                >
                  <path
                    d="M482 152h60q8 0 8 8v704q0 8-8 8h-60q-8 0-8-8V160q0-8 8-8z"
                  />
                  <path
                    d="M192 474h672q8 0 8 8v60q0 8-8 8H160q-8 0-8-8v-60q0-8 8-8z"
                  />
                </svg>
              </span>
            </span>
          </button>
        </div>
      </div>
    </div>
    <div
      style="width: 1200px; height: 1200px; position: relative; overflow: auto;"
    >
      <div
        style="transform: scale(1); transform-origin: top left; height: 1px; width: 1px;"
      >
        <div
          style="font-family: 'Roboto'; top: 20px; left: 203.14960629450002px; position: relative; background-image: url(data:image/png;base64,a...); background-size: 793.700787411px 1122.5196850527px; width: 793.700787411px; height: 1122.5196850527px;"
        >
          <div>
            <div
              class="selectable"
              id="1"
              style="position: absolute; cursor: pointer; height: 56.692913386499995px; width: 377.95275591px; top: 75.590551182px; left: 75.590551182px; transform: rotate(0deg); opacity: 1; outline: 1px dashed #1677ff;"
              title="field1"
            >
              <div
                style="height: 100%; width: 100%;"
              >
                <div
                  style="padding: 0px; resize: none; background-color: transparent; display: flex; flex-direction: column; justify-content: flex-start; width: 100%; height: 100%; cursor: text;"
                >
                  <div
                    id="text-1"
                    style="font-family: inherit; color: rgb(0, 0, 0); font-size: 30pt; letter-spacing: 0pt; line-height: 1em; text-align: left; white-space: pre-wrap; word-break: break-word; resize: none; outline: none; margin-bottom: 0px; padding-top: 3.436640625px; background-color: transparent;"
                    tabindex="100"
                  />
                </div>
              </div>
            </div>
          </div>
          <div>
            <div
              class="selectable"
              id="2"
              style="position: absolute; cursor: pointer; height: 151.181102364px; width: 377.95275591px; top: 132.2834645685px; left: 75.590551182px; transform: rotate(0deg); opacity: 1; outline: 1px dashed #1677ff;"
              title="field2"
            >
              <div
                style="height: 100%; width: 100%;"
              >
                <div
                  style="width: 100%; height: 100%; background-image: none; background-size: contain; background-repeat: no-repeat; background-position: center;"
                >
                  <img
                    src="field2"
                    style="height: 100%; width: 100%; border-radius: 0; object-fit: contain;"
                  />
                  <button
                    style="position: absolute; top: 0px; left: 0px; z-index: 1; display: flex; justify-content: center; align-items: center; color: rgb(51, 51, 51); background: rgb(242, 242, 242); border-radius: 2px; border: 1px solid #767676; cursor: pointer; height: 24px; width: 24px;"
                  >
                    x
                  </button>
                </div>
              </div>
            </div>
          </div>
        </div>
      </div>
    </div>
  </div>
</div>
`;

exports[`Preview(as Viewer) snapshot 1`] = `
<div
  style="position: relative; background: rgb(74, 74, 74); width: 1200px; height: 1200px;"
>
  <div
    style="margin: 0px auto; width: 1200px; height: 1200px;"
  >
    <div
      style="position: absolute; bottom: 6%; width: 1200px;"
    >
      <div
        style="display: flex; align-items: center; justify-content: space-evenly; position: relative; z-index: 1; left: calc(50% - 75px); width: 150px; height: 40px; box-sizing: border-box; padding: 12px; border-radius: 6px; background-color: rgba(0, 0, 0, 0.45);"
      >
        <div
          style="display: flex; align-items: center;"
        >
          <button
            class="ant-btn css-dev-only-do-not-override-apn68 ant-btn-text ant-btn-color-default ant-btn-variant-text ant-btn-icon-only"
            type="button"
          >
            <span
              class="ant-btn-icon"
            >
              <span
                aria-label="minus"
                class="anticon anticon-minus"
                role="img"
                style="color: rgb(255, 255, 255);"
              >
                <svg
                  aria-hidden="true"
                  data-icon="minus"
                  fill="currentColor"
                  focusable="false"
                  height="1em"
                  viewBox="64 64 896 896"
                  width="1em"
                >
                  <path
                    d="M872 474H152c-4.4 0-8 3.6-8 8v60c0 4.4 3.6 8 8 8h720c4.4 0 8-3.6 8-8v-60c0-4.4-3.6-8-8-8z"
                  />
                </svg>
              </span>
            </span>
          </button>
          <span
            class="ant-typography css-dev-only-do-not-override-apn68"
            style="color: rgb(255, 255, 255); font-size: 14px; margin: 8px;"
          >
            <strong>
              100
              %
            </strong>
          </span>
          <button
            class="ant-btn css-dev-only-do-not-override-apn68 ant-btn-text ant-btn-color-default ant-btn-variant-text ant-btn-icon-only"
            type="button"
          >
            <span
              class="ant-btn-icon"
            >
              <span
                aria-label="plus"
                class="anticon anticon-plus"
                role="img"
                style="color: rgb(255, 255, 255);"
              >
                <svg
                  aria-hidden="true"
                  data-icon="plus"
                  fill="currentColor"
                  focusable="false"
                  height="1em"
                  viewBox="64 64 896 896"
                  width="1em"
                >
                  <path
                    d="M482 152h60q8 0 8 8v704q0 8-8 8h-60q-8 0-8-8V160q0-8 8-8z"
                  />
                  <path
                    d="M192 474h672q8 0 8 8v60q0 8-8 8H160q-8 0-8-8v-60q0-8 8-8z"
                  />
                </svg>
              </span>
            </span>
          </button>
        </div>
      </div>
    </div>
    <div
      style="width: 1200px; height: 1200px; position: relative; overflow: auto;"
    >
      <div
        style="transform: scale(1); transform-origin: top left; height: 1px; width: 1px;"
      >
        <div
          style="font-family: 'Roboto'; top: 20px; left: 203.14960629450002px; position: relative; background-image: url(data:image/png;base64,a...); background-size: 793.700787411px 1122.5196850527px; width: 793.700787411px; height: 1122.5196850527px;"
        >
          <div>
            <div
              class="selectable"
              id="1"
              style="position: absolute; cursor: pointer; height: 56.692913386499995px; width: 377.95275591px; top: 75.590551182px; left: 75.590551182px; transform: rotate(0deg); opacity: 1; outline: transparent;"
              title="field1"
            >
              <div
                style="height: 100%; width: 100%;"
              >
                <div
                  style="padding: 0px; resize: none; background-color: transparent; display: flex; flex-direction: column; justify-content: flex-start; width: 100%; height: 100%; cursor: default;"
                >
                  <div
                    id="text-1"
                    style="font-family: inherit; color: rgb(0, 0, 0); font-size: 30pt; letter-spacing: 0pt; line-height: 1em; text-align: left; white-space: pre-wrap; word-break: break-word; resize: none; outline: none; margin-bottom: 0px; padding-top: 3.436640625px; background-color: transparent;"
                  >
                    <span
                      style="letter-spacing:inherit;"
                    >
                      f
                    </span>
                    <span
                      style="letter-spacing:inherit;"
                    >
                      i
                    </span>
                    <span
                      style="letter-spacing:inherit;"
                    >
                      e
                    </span>
                    <span
                      style="letter-spacing:inherit;"
                    >
                      l
                    </span>
                    <span
                      style="letter-spacing:inherit;"
                    >
                      d
                    </span>
                    <span
                      style="letter-spacing:0;"
                    >
                      1
                    </span>
                  </div>
                </div>
              </div>
            </div>
          </div>
          <div>
            <div
              class="selectable"
              id="2"
              style="position: absolute; cursor: pointer; height: 151.181102364px; width: 377.95275591px; top: 132.2834645685px; left: 75.590551182px; transform: rotate(0deg); opacity: 1; outline: transparent;"
              title="field2"
            >
              <div
                style="height: 100%; width: 100%;"
              >
                <div
                  style="width: 100%; height: 100%; background-image: none; background-size: contain; background-repeat: no-repeat; background-position: center;"
                >
                  <img
                    src="field2"
                    style="height: 100%; width: 100%; border-radius: 0; object-fit: contain;"
                  />
                </div>
              </div>
            </div>
          </div>
        </div>
      </div>
    </div>
  </div>
</div>
`;
